components/ErrorBoundary.tsx(41,18): error TS2339: Property 'setState' does not exist on type 'ErrorBoundary'.
components/ErrorBoundary.tsx(98,21): error TS2339: Property 'props' does not exist on type 'ErrorBoundary'.
constants.ts(15,14): error TS2739: Type '{ people: undefined[]; roles: undefined[]; teams: undefined[]; taskTemplates: undefined[]; shifts: undefined[]; }' is missing the following properties from type 'AppState': constraints, teamRotations, settings, absences, equipment
hooks/useConfirmation.tsx(2,35): error TS2307: Cannot find module '../components/ConfirmationModal' or its corresponding type declarations.
pages/SupportTicketsPage.tsx(9,35): error TS2307: Cannot find module '../components/ConfirmationModal' or its corresponding type declarations.
